// Jest Snapshot v1, https://goo.gl/fbAQLP

exports[`renderer language Switcher unchange 1`] = `
<button
  className="inline-flex items-center justify-center whitespace-nowrap rounded-md text-sm font-medium transition-colors focus-visible:outline-none focus-visible:ring-1 focus-visible:ring-ring disabled:pointer-events-none disabled:opacity-50 bg-destructive text-destructive-foreground shadow-sm hover:bg-destructive/90 h-9 px-4 py-2"
>
  Button Snapshot
</button>
`;
