// Jest Snapshot v1, https://goo.gl/fbAQLP

exports[`renderer language Switcher unchange 1`] = `
<div
  className="flex items-center space-x-2"
>
  <span
    className="font-bold text-sm text-gray-600"
  >
    Lang.English
  </span>
  <button
    aria-checked={false}
    className="peer inline-flex h-5 w-9 shrink-0 cursor-pointer items-center rounded-full border-2 border-transparent shadow-sm transition-colors focus-visible:outline-none focus-visible:ring-2 focus-visible:ring-ring focus-visible:ring-offset-2 focus-visible:ring-offset-background disabled:cursor-not-allowed disabled:opacity-50 data-[state=checked]:bg-primary data-[state=unchecked]:bg-input mr-2"
    data-state="unchecked"
    onClick={[Function]}
    role="switch"
    type="button"
    value="on"
  >
    <span
      className="pointer-events-none block h-4 w-4 rounded-full bg-background shadow-lg ring-0 transition-transform data-[state=checked]:translate-x-4 data-[state=unchecked]:translate-x-0"
      data-state="unchecked"
    />
  </button>
  <input
    aria-hidden={true}
    defaultChecked={false}
    style={
      {
        "margin": 0,
        "opacity": 0,
        "pointerEvents": "none",
        "position": "absolute",
        "transform": "translateX(-100%)",
      }
    }
    tabIndex={-1}
    type="checkbox"
    value="on"
  />
</div>
`;
